Microsoft Windows [Version 10.0.18362.418]
(c) 2019 Microsoft Corporation. All rights reserved.

C:\Users\ACER>help
For more information on a specific command, type HELP command-name
ASSOC          Displays or modifies file extension associations.
ATTRIB         Displays or changes file attributes.
BREAK          Sets or clears extended CTRL+C checking.
BCDEDIT        Sets properties in boot database to control boot loading.
CACLS          Displays or modifies access control lists (ACLs) of files.
CALL           Calls one batch program from another.
CD             Displays the name of or changes the current directory.
CHCP           Displays or sets the active code page number.
CHDIR          Displays the name of or changes the current directory.
CHKDSK         Checks a disk and displays a status report.
CHKNTFS        Displays or modifies the checking of disk at boot time.
CLS            Clears the screen.
CMD            Starts a new instance of the Windows command interpreter.
COLOR          Sets the default console foreground and background colors.
COMP           Compares the contents of two files or sets of files.
COMPACT        Displays or alters the compression of files on NTFS partitions.
CONVERT        Converts FAT volumes to NTFS.  You cannot convert the
               current drive.
COPY           Copies one or more files to another location.
DATE           Displays or sets the date.
DEL            Deletes one or more files.
DIR            Displays a list of files and subdirectories in a directory.
DISKPART       Displays or configures Disk Partition properties.
DOSKEY         Edits command lines, recalls Windows commands, and
               creates macros.
DRIVERQUERY    Displays current device driver status and properties.
ECHO           Displays messages, or turns command echoing on or off.
ENDLOCAL       Ends localization of environment changes in a batch file.
ERASE          Deletes one or more files.
EXIT           Quits the CMD.EXE program (command interpreter).
FC             Compares two files or sets of files, and displays the
               differences between them.
FIND           Searches for a text string in a file or files.
FINDSTR        Searches for strings in files.
FOR            Runs a specified command for each file in a set of files.
FORMAT         Formats a disk for use with Windows.
FSUTIL         Displays or configures the file system properties.
FTYPE          Displays or modifies file types used in file extension
               associations.
GOTO           Directs the Windows command interpreter to a labeled line in
               a batch program.
GPRESULT       Displays Group Policy information for machine or user.
GRAFTABL       Enables Windows to display an extended character set in
               graphics mode.
HELP           Provides Help information for Windows commands.
ICACLS         Display, modify, backup, or restore ACLs for files and
               directories.
IF             Performs conditional processing in batch programs.
LABEL          Creates, changes, or deletes the volume label of a disk.
MD             Creates a directory.
MKDIR          Creates a directory.
MKLINK         Creates Symbolic Links and Hard Links
MODE           Configures a system device.
MORE           Displays output one screen at a time.
MOVE           Moves one or more files from one directory to another
               directory.
OPENFILES      Displays files opened by remote users for a file share.
PATH           Displays or sets a search path for executable files.
PAUSE          Suspends processing of a batch file and displays a message.
POPD           Restores the previous value of the current directory saved by
               PUSHD.
PRINT          Prints a text file.
PROMPT         Changes the Windows command prompt.
PUSHD          Saves the current directory then changes it.
RD             Removes a directory.
RECOVER        Recovers readable information from a bad or defective disk.
REM            Records comments (remarks) in batch files or CONFIG.SYS.
REN            Renames a file or files.
RENAME         Renames a file or files.
REPLACE        Replaces files.
RMDIR          Removes a directory.
ROBOCOPY       Advanced utility to copy files and directory trees
SET            Displays, sets, or removes Windows environment variables.
SETLOCAL       Begins localization of environment changes in a batch file.
SC             Displays or configures services (background processes).
SCHTASKS       Schedules commands and programs to run on a computer.
SHIFT          Shifts the position of replaceable parameters in batch files.
SHUTDOWN       Allows proper local or remote shutdown of machine.
SORT           Sorts input.
START          Starts a separate window to run a specified program or command.
SUBST          Associates a path with a drive letter.
SYSTEMINFO     Displays machine specific properties and configuration.
TASKLIST       Displays all currently running tasks including services.
TASKKILL       Kill or stop a running process or application.
TIME           Displays or sets the system time.
TITLE          Sets the window title for a CMD.EXE session.
TREE           Graphically displays the directory structure of a drive or
               path.
TYPE           Displays the contents of a text file.
VER            Displays the Windows version.
VERIFY         Tells Windows whether to verify that your files are written
               correctly to a disk.
VOL            Displays a disk volume label and serial number.
XCOPY          Copies files and directory trees.
WMIC           Displays WMI information inside interactive command shell.

For more information on tools see the command-line reference in the online help.

C:\Users\ACER>systeminfo

Host Name:                 DWUMB
OS Name:                   Microsoft Windows 10 Pro
OS Version:                10.0.18362 N/A Build 18362
OS Manufacturer:           Microsoft Corporation
OS Configuration:          Standalone Workstation
OS Build Type:             Multiprocessor Free
Registered Owner:          Windows User
Registered Organization:
Product ID:                00331-10000-00001-AA011
Original Install Date:     27/09/2019, 11:24:42
System Boot Time:          24/10/2019, 08:44:22
System Manufacturer:       Acer
System Model:              Aspire E5-551G
System Type:               x64-based PC
Processor(s):              1 Processor(s) Installed.
                           [01]: AMD64 Family 21 Model 48 Stepping 1 AuthenticAMD ~1100 Mhz
BIOS Version:              Insyde Corp. V1.15, 06/07/2015
Windows Directory:         C:\WINDOWS
System Directory:          C:\WINDOWS\system32
Boot Device:               \Device\HarddiskVolume2
System Locale:             en-us;English (United States)
Input Locale:              en-us;English (United States)
Time Zone:                 (UTC+07:00) Bangkok, Hanoi, Jakarta
Total Physical Memory:     3.274 MB
Available Physical Memory: 554 MB
Virtual Memory: Max Size:  7.270 MB
Virtual Memory: Available: 2.993 MB
Virtual Memory: In Use:    4.277 MB
Page File Location(s):     C:\pagefile.sys
Domain:                    WORKGROUP
Logon Server:              \\DWUMB
Hotfix(s):                 6 Hotfix(s) Installed.
                           [01]: KB4515871
                           [02]: KB4515383
                           [03]: KB4516115
                           [04]: KB4520390
                           [05]: KB4521863
                           [06]: KB4517389
Network Card(s):           2 NIC(s) Installed.
                           [01]: Realtek PCIe GBE Family Controller
                                 Connection Name: Ethernet
                                 Status:          Media disconnected
                           [02]: Qualcomm Atheros AR956x Wireless Network Adapter
                                 Connection Name: Wi-Fi
                                 DHCP Enabled:    Yes
                                 DHCP Server:     192.168.1.1
                                 IP address(es)
                                 [01]: 192.168.1.5
                                 [02]: fe80::f007:1d7d:2e83:8580
Hyper-V Requirements:      VM Monitor Mode Extensions: Yes
                           Virtualization Enabled In Firmware: Yes
                           Second Level Address Translation: Yes
                           Data Execution Prevention Available: Yes

C:\Users\ACER>md tugas-tik

C:\Users\ACER>erase tugas-tik
C:\Users\ACER\tugas-tik\*, Are you sure (Y/N)? y

C:\Users\ACER>tittle kholis
'tittle' is not recognized as an internal or external command,
operable program or batch file.

C:\Users\ACER>title hybrid promt

C:\Users\ACER>date
The current date is: 25/10/2019
Enter the new date: (dd-mm-yy) 25/10/2019
A required privilege is not held by the client.

C:\Users\ACER>tasklist

Image Name                     PID Session Name        Session#    Mem Usage
========================= ======== ================ =========== ============
System Idle Process              0 Services                   0          8 K
System                           4 Services                   0        912 K
Registry                       104 Services                   0     45.452 K
smss.exe                       384 Services                   0        812 K
csrss.exe                      588 Services                   0      4.148 K
wininit.exe                    744 Services                   0      4.680 K
csrss.exe                      760                            1      3.128 K
services.exe                   816 Services                   0      6.472 K
lsass.exe                      840 Services                   0     15.424 K
svchost.exe                   1020 Services                   0     24.752 K
fontdrvhost.exe                  8 Services                   0      2.892 K
svchost.exe                    592 Services                   0     15.172 K
svchost.exe                   1144 Services                   0     66.028 K
svchost.exe                   1172 Services                   0     14.728 K
svchost.exe                   1384 Services                   0     18.828 K
svchost.exe                   1392 Services                   0     20.732 K
atiesrxx.exe                  1524 Services                   0      5.720 K
svchost.exe                   1584 Services                   0     27.968 K
svchost.exe                   1660 Services                   0     18.664 K
svchost.exe                   1732 Services                   0     20.900 K
svchost.exe                   1860 Services                   0      9.980 K
svchost.exe                   1936 Services                   0     33.216 K
Memory Compression            1996 Services                   0     32.504 K
svchost.exe                   1164 Services                   0     13.156 K
svchost.exe                   1640 Services                   0      6.276 K
svchost.exe                   1880 Services                   0      9.196 K
svchost.exe                   2224 Services                   0     18.384 K
spoolsv.exe                   2344 Services                   0      7.952 K
svchost.exe                   2380 Services                   0     14.672 K
armsvc.exe                    2476 Services                   0      3.884 K
AdobeUpdateService.exe        2484 Services                   0      5.868 K
AdminService.exe              2512 Services                   0      5.204 K
svchost.exe                   2524 Services                   0     33.108 K
OSPPSVC.EXE                   2612 Services                   0     12.984 K
MsMpEng.exe                   2728 Services                   0    150.880 K
AGSService.exe                2908 Services                   0     11.380 K
svchost.exe                   2924 Services                   0      8.312 K
ss_conn_service.exe           2932 Services                   0      6.288 K
svchost.exe                   2940 Services                   0     13.540 K
TeamViewer_Service.exe        2956 Services                   0     14.024 K
AGMService.exe                3048 Services                   0      9.644 K
unsecapp.exe                  3516 Services                   0      6.544 K
NisSrv.exe                    4116 Services                   0     10.732 K
SearchIndexer.exe             3432 Services                   0     38.796 K
SecurityHealthService.exe     5260 Services                   0     14.188 K
svchost.exe                   4316 Services                   0     13.736 K
SgrmBroker.exe                6928 Services                   0      4.956 K
svchost.exe                   7140 Services                   0      6.776 K
svchost.exe                   6508 Services                   0      6.208 K
svchost.exe                   7284 Services                   0     11.096 K
svchost.exe                   9772 Services                   0      4.464 K
dasHost.exe                  10744 Services                   0     12.780 K
csrss.exe                     8964 Console                    3      5.328 K
winlogon.exe                  2308 Console                    3     11.136 K
fontdrvhost.exe              12268 Console                    3     16.912 K
dwm.exe                       4656 Console                    3     40.508 K
atieclxx.exe                   236 Console                    3     10.304 K
ctfmon.exe                    1108 Console                    3     15.260 K
sihost.exe                   10980 Console                    3     25.864 K
svchost.exe                  10096 Console                    3     34.828 K
taskhostw.exe                 7076 Console                    3     16.284 K
explorer.exe                 11048 Console                    3    111.500 K
svchost.exe                   6060 Console                    3     17.904 K
StartMenuExperienceHost.e     4772 Console                    3     52.904 K
RuntimeBroker.exe            11108 Console                    3     18.908 K
RuntimeBroker.exe             3864 Console                    3     40.176 K
ShellExperienceHost.exe       5920 Console                    3     41.660 K
SkypeApp.exe                 11752 Console                    3     22.592 K
ApplicationFrameHost.exe      8608 Console                    3     28.984 K
MicrosoftEdge.exe            12244 Console                    3     16.776 K
SkypeBackgroundHost.exe       7684 Console                    3      9.260 K
browser_broker.exe            9204 Console                    3     14.488 K
RuntimeBroker.exe            10996 Console                    3      7.308 K
MicrosoftEdgeSH.exe          12212 Console                    3     11.136 K
MicrosoftEdgeCP.exe           4632 Console                    3     13.608 K
SearchUI.exe                  6456 Console                    3     66.256 K
RuntimeBroker.exe             1856 Console                    3     10.812 K
SecurityHealthSystray.exe    11904 Console                    3      8.444 K
RAVCpl64.exe                  8520 Console                    3     12.964 K
PentabletService.exe          8432 Console                    3     11.828 K
OneDrive.exe                  5588 Console                    3     20.816 K
MSOSYNC.EXE                   9376 Console                    3     12.068 K
Creative Cloud.exe            6812 Console                    3     24.660 K
dllhost.exe                   1600 Console                    3     12.536 K
AdobeIPCBroker.exe            9148 Console                    3     10.508 K
Code.exe                      7172 Console                    3     57.592 K
Code.exe                      7680 Console                    3     59.236 K
Adobe Desktop Service.exe     1868 Console                    3     18.848 K
Code.exe                      3452 Console                    3    174.616 K
Adobe CEF Helper.exe          8304 Console                    3     10.632 K
Code.exe                      2184 Console                    3     36.556 K
RadeonSettings.exe           11956 Console                    3      1.380 K
Code.exe                      4408 Console                    3     12.968 K
conhost.exe                   9176 Console                    3      5.292 K
powershell.exe                5092 Console                    3     19.064 K
Code.exe                      7352 Console                    3     70.752 K
CoreSync.exe                  3248 Console                    3     17.856 K
CCXProcess.exe                1480 Console                    3      2.756 K
node.exe                      2708 Console                    3     27.872 K
conhost.exe                   3796 Console                    3      5.332 K
python.exe                    1972 Console                    3     28.844 K
conhost.exe                   3348 Console                    3      5.444 K
Adobe CEF Helper.exe          3544 Console                    3     21.684 K
conhost.exe                   9640 Console                    3      5.468 K
powershell.exe                4504 Console                    3     45.868 K
YourPhone.exe                 8224 Console                    3     16.196 K
RuntimeBroker.exe            10452 Console                    3      7.876 K
RuntimeBroker.exe             5464 Console                    3     16.096 K
SystemSettings.exe           12192 Console                    3        688 K
python.exe                   10244 Console                    3     17.540 K
conhost.exe                   9684 Console                    3     10.996 K
KiteService.exe              10616 Services                   0     33.164 K
kited.exe                     9624 Console                    3     81.672 K
WmiPrvSE.exe                  5040 Services                   0     19.224 K
WindowsInternal.Composabl     8800 Console                    3     43.844 K
chrome.exe                    9192 Console                    3    121.328 K
chrome.exe                    5648 Console                    3      6.540 K
chrome.exe                    6612 Console                    3      8.660 K
chrome.exe                    8788 Console                    3    165.804 K
chrome.exe                   10168 Console                    3     28.264 K
chrome.exe                    6932 Console                    3     71.608 K
chrome.exe                    4952 Console                    3    167.152 K
chrome.exe                    3616 Console                    3     88.112 K
chrome.exe                    8888 Console                    3     59.632 K
chrome.exe                    8944 Console                    3     40.108 K
svchost.exe                  11948 Services                   0      9.472 K
dllhost.exe                   8904 Services                   0     13.656 K
msdtc.exe                     1260 Services                   0     10.284 K
cmd.exe                       3504 Console                    3      4.064 K
conhost.exe                  10216 Console                    3     18.944 K
SearchProtocolHost.exe        9304 Services                   0      9.892 K
SearchFilterHost.exe          4212 Services                   0      6.384 K
tasklist.exe                  1820 Console                    3      8.508 K
WmiPrvSE.exe                 11240 Services                   0      8.840 K

C:\Users\ACER>taskkill
ERROR: Invalid syntax. Neither /FI nor /PID nor /IM were specified.
Type "TASKKILL /?" for usage.

C:\Users\ACER>chkdsk
Access Denied as you do not have sufficient privileges or
the disk may be locked by another process.
You have to invoke this utility running in elevated mode
and make sure the disk is unlocked.

C:\Users\ACER>dxdiag

C:\Users\ACER>regedit32
'regedit32' is not recognized as an internal or external command,
operable program or batch file.

C:\Users\ACER>regedit
Access is denied.

C:\Users\ACER>